$ cd mobile && flutter --version && dart --version && flutter pub get
Flutter 3.47.4 • channel stable • https://github.com/flutter/flutter.git
Framework • revision 9584c6713b (3 weeks ago) • 2026-09-10 15:25:10 -0700
Engine • hash 0e228ec8c8d2abc9fcf1d053e8a40665bb859ec7 (revision 06a2e2a110) (31 days ago) • 2026-09-03 16:07:13.000Z
Tools • Dart 3.13.3 • DevTools 2.60.0
flutter_version_exit=0
Dart SDK version: 3.13.3 (stable) (Tue Sep 1 01:07:17 2026 -0700) on "macos_arm64"
dart_version_exit=0
Resolving dependencies...
Downloading packages...
  _fe_analyzer_shared 96.0.0 (108.0.0 available)
  analyzer 10.2.0 (14.4.0 available)
  build 4.0.7 (4.0.11 available)
  build_runner 2.15.1 (2.16.1 available)
  built_collection 5.1.1 (5.1.2 available)
  cli_util 0.4.2 (0.6.0 available)
  code_assets 1.2.1 (2.1.0 available)
  cross_file 0.3.5+5 (0.4.0 available)
  dart_style 3.1.7 (3.1.13 available)
  dbus 0.7.15 (0.8.0 available)
  drift 2.31.0 (2.35.1 available)
  drift_dev 2.31.0 (2.35.1 available)
  drift_flutter 0.2.8 (0.3.1 available)
  file_picker_darwin 2.1.0 (2.1.2 available)
  file_picker_linux 2.0.0 (2.0.1 available)
  flutter_riverpod 2.6.1 (3.4.3 available)
  flutter_secure_storage 10.3.4 (11.2.0 available)
  flutter_secure_storage_darwin 0.3.2 (0.4.3 available)
  go_router 14.8.1 (18.0.2 available)
  hooks 2.0.2 (2.2.0 available)
  image_picker_ios 0.8.13+7 (0.8.13+9 available)
  jni 1.0.3 (1.1.0 available)
  material_color_utilities 0.13.0 (0.13.1 available)
  meta 1.18.3 (1.19.0 available)
  objective_c 9.5.0 (9.6.2 available)
  package_config 2.2.0 (3.0.0 available)
  petitparser 7.0.2 (7.1.0 available)
  record_use 0.6.0 (1.1.1 available)
  riverpod 2.6.1 (3.4.3 available)
  source_gen 4.2.4 (4.3.0 available)
  sqlite3 2.9.4 (3.7.0 available)
  sqlite3_flutter_libs 0.5.42 (0.6.0+eol available)
  sqlparser 0.43.1 (0.45.0 available)
  test_api 0.7.12 (0.7.14 available)
  vector_math 2.4.0 (2.4.3 available)
  xml 7.0.1 (7.1.0 available)
Got dependencies!
36 packages have newer versions incompatible with dependency constraints.
Try `flutter pub outdated` for more information.
flutter_pub_get_exit=0
